// Jest Snapshot v1, https://goo.gl/fbAQLP

exports[`Test react components Test CountryList renders 1`] = `
<div>
  <div
    className="loader-container"
  >
    <div
      className="dot-wave"
    >
      <div
        className="dot-wave__dot"
      />
      <div
        className="dot-wave__dot"
      />
      <div
        className="dot-wave__dot"
      />
      <div
        className="dot-wave__dot"
      />
    </div>
  </div>
</div>
`;

exports[`Test react components header renders 1`] = `
<header
  className="header-container"
>
  <nav
    className="header-nav"
  >
    <div
      className="header-list"
    >
      <li
        className="header-item"
      >
        <a
          href="/"
          onClick={[Function]}
        >
          &lt;
        </a>
      </li>
      <li
        className="header-item"
      >
        Country views
      </li>
      <li
        className="header-item"
      >
        <div
          className="button-group"
        >
          <i
            className="fa-solid fa-microphone"
          />
          <i
            className="fa-solid fa-gear"
          />
        </div>
      </li>
    </div>
  </nav>
</header>
`;
